------------------------------------------------------------
TimeQuest Timing Analyzer Summary
------------------------------------------------------------

Type  : Slow 1200mV 85C Model Setup 'PLL1|altpll_component|auto_generated|pll1|clk[1]'
Slack : 1.716
TNS   : 0.000

Type  : Slow 1200mV 85C Model Setup 'altera_reserved_tck'
Slack : 47.190
TNS   : 0.000

Type  : Slow 1200mV 85C Model Setup 'PLL1|altpll_component|auto_generated|pll1|clk[2]'
Slack : 71.228
TNS   : 0.000

Type  : Slow 1200mV 85C Model Hold 'PLL1|altpll_component|auto_generated|pll1|clk[1]'
Slack : 0.276
TNS   : 0.000

Type  : Slow 1200mV 85C Model Hold 'PLL1|altpll_component|auto_generated|pll1|clk[2]'
Slack : 0.367
TNS   : 0.000

Type  : Slow 1200mV 85C Model Hold 'altera_reserved_tck'
Slack : 0.402
TNS   : 0.000

Type  : Slow 1200mV 85C Model Recovery 'PLL1|altpll_component|auto_generated|pll1|clk[1]'
Slack : 1.464
TNS   : 0.000

Type  : Slow 1200mV 85C Model Recovery 'altera_reserved_tck'
Slack : 48.192
TNS   : 0.000

Type  : Slow 1200mV 85C Model Recovery 'PLL1|altpll_component|auto_generated|pll1|clk[2]'
Slack : 79.215
TNS   : 0.000

Type  : Slow 1200mV 85C Model Removal 'altera_reserved_tck'
Slack : 1.026
TNS   : 0.000

Type  : Slow 1200mV 85C Model Removal 'PLL1|altpll_component|auto_generated|pll1|clk[1]'
Slack : 2.511
TNS   : 0.000

Type  : Slow 1200mV 85C Model Removal 'PLL1|altpll_component|auto_generated|pll1|clk[2]'
Slack : 2.699
TNS   : 0.000

Type  : Slow 1200mV 85C Model Minimum Pulse Width 'PLL1|altpll_component|auto_generated|pll1|clk[1]'
Slack : 4.624
TNS   : 0.000

Type  : Slow 1200mV 85C Model Minimum Pulse Width 'CLOCK_50'
Slack : 9.819
TNS   : 0.000

Type  : Slow 1200mV 85C Model Minimum Pulse Width 'CLOCK2_50'
Slack : 16.000
TNS   : 0.000

Type  : Slow 1200mV 85C Model Minimum Pulse Width 'CLOCK3_50'
Slack : 16.000
TNS   : 0.000

Type  : Slow 1200mV 85C Model Minimum Pulse Width 'PLL1|altpll_component|auto_generated|pll1|clk[2]'
Slack : 41.366
TNS   : 0.000

Type  : Slow 1200mV 85C Model Minimum Pulse Width 'altera_reserved_tck'
Slack : 49.545
TNS   : 0.000

Type  : Slow 1200mV 0C Model Setup 'PLL1|altpll_component|auto_generated|pll1|clk[1]'
Slack : 2.329
TNS   : 0.000

Type  : Slow 1200mV 0C Model Setup 'altera_reserved_tck'
Slack : 47.510
TNS   : 0.000

Type  : Slow 1200mV 0C Model Setup 'PLL1|altpll_component|auto_generated|pll1|clk[2]'
Slack : 72.030
TNS   : 0.000

Type  : Slow 1200mV 0C Model Hold 'PLL1|altpll_component|auto_generated|pll1|clk[1]'
Slack : 0.278
TNS   : 0.000

Type  : Slow 1200mV 0C Model Hold 'PLL1|altpll_component|auto_generated|pll1|clk[2]'
Slack : 0.337
TNS   : 0.000

Type  : Slow 1200mV 0C Model Hold 'altera_reserved_tck'
Slack : 0.354
TNS   : 0.000

Type  : Slow 1200mV 0C Model Recovery 'PLL1|altpll_component|auto_generated|pll1|clk[1]'
Slack : 1.841
TNS   : 0.000

Type  : Slow 1200mV 0C Model Recovery 'altera_reserved_tck'
Slack : 48.469
TNS   : 0.000

Type  : Slow 1200mV 0C Model Recovery 'PLL1|altpll_component|auto_generated|pll1|clk[2]'
Slack : 79.636
TNS   : 0.000

Type  : Slow 1200mV 0C Model Removal 'altera_reserved_tck'
Slack : 0.928
TNS   : 0.000

Type  : Slow 1200mV 0C Model Removal 'PLL1|altpll_component|auto_generated|pll1|clk[1]'
Slack : 2.239
TNS   : 0.000

Type  : Slow 1200mV 0C Model Removal 'PLL1|altpll_component|auto_generated|pll1|clk[2]'
Slack : 2.400
TNS   : 0.000

Type  : Slow 1200mV 0C Model Minimum Pulse Width 'PLL1|altpll_component|auto_generated|pll1|clk[1]'
Slack : 4.650
TNS   : 0.000

Type  : Slow 1200mV 0C Model Minimum Pulse Width 'CLOCK_50'
Slack : 9.799
TNS   : 0.000

Type  : Slow 1200mV 0C Model Minimum Pulse Width 'CLOCK2_50'
Slack : 16.000
TNS   : 0.000

Type  : Slow 1200mV 0C Model Minimum Pulse Width 'CLOCK3_50'
Slack : 16.000
TNS   : 0.000

Type  : Slow 1200mV 0C Model Minimum Pulse Width 'PLL1|altpll_component|auto_generated|pll1|clk[2]'
Slack : 41.354
TNS   : 0.000

Type  : Slow 1200mV 0C Model Minimum Pulse Width 'altera_reserved_tck'
Slack : 49.479
TNS   : 0.000

Type  : Fast 1200mV 0C Model Setup 'PLL1|altpll_component|auto_generated|pll1|clk[1]'
Slack : 3.558
TNS   : 0.000

Type  : Fast 1200mV 0C Model Setup 'altera_reserved_tck'
Slack : 48.992
TNS   : 0.000

Type  : Fast 1200mV 0C Model Setup 'PLL1|altpll_component|auto_generated|pll1|clk[2]'
Slack : 77.066
TNS   : 0.000

Type  : Fast 1200mV 0C Model Hold 'PLL1|altpll_component|auto_generated|pll1|clk[1]'
Slack : 0.091
TNS   : 0.000

Type  : Fast 1200mV 0C Model Hold 'PLL1|altpll_component|auto_generated|pll1|clk[2]'
Slack : 0.143
TNS   : 0.000

Type  : Fast 1200mV 0C Model Hold 'altera_reserved_tck'
Slack : 0.179
TNS   : 0.000

Type  : Fast 1200mV 0C Model Recovery 'PLL1|altpll_component|auto_generated|pll1|clk[1]'
Slack : 3.133
TNS   : 0.000

Type  : Fast 1200mV 0C Model Recovery 'altera_reserved_tck'
Slack : 49.436
TNS   : 0.000

Type  : Fast 1200mV 0C Model Recovery 'PLL1|altpll_component|auto_generated|pll1|clk[2]'
Slack : 81.125
TNS   : 0.000

Type  : Fast 1200mV 0C Model Removal 'altera_reserved_tck'
Slack : 0.502
TNS   : 0.000

Type  : Fast 1200mV 0C Model Removal 'PLL1|altpll_component|auto_generated|pll1|clk[1]'
Slack : 1.344
TNS   : 0.000

Type  : Fast 1200mV 0C Model Removal 'PLL1|altpll_component|auto_generated|pll1|clk[2]'
Slack : 1.430
TNS   : 0.000

Type  : Fast 1200mV 0C Model Minimum Pulse Width 'PLL1|altpll_component|auto_generated|pll1|clk[1]'
Slack : 4.750
TNS   : 0.000

Type  : Fast 1200mV 0C Model Minimum Pulse Width 'CLOCK_50'
Slack : 9.400
TNS   : 0.000

Type  : Fast 1200mV 0C Model Minimum Pulse Width 'CLOCK2_50'
Slack : 16.000
TNS   : 0.000

Type  : Fast 1200mV 0C Model Minimum Pulse Width 'CLOCK3_50'
Slack : 16.000
TNS   : 0.000

Type  : Fast 1200mV 0C Model Minimum Pulse Width 'PLL1|altpll_component|auto_generated|pll1|clk[2]'
Slack : 41.420
TNS   : 0.000

Type  : Fast 1200mV 0C Model Minimum Pulse Width 'altera_reserved_tck'
Slack : 49.299
TNS   : 0.000

------------------------------------------------------------
