------------------------------------------------------------
TimeQuest Timing Analyzer Summary
------------------------------------------------------------

Type  : Slow 1200mV 85C Model Setup 'DE2_115_qsys_inst|altpll|sd1|pll7|clk[0]'
Slack : 0.082
TNS   : 0.000

Type  : Slow 1200mV 85C Model Setup 'DE2_115_qsys_inst|altpll|sd1|pll7|clk[3]'
Slack : 14.843
TNS   : 0.000

Type  : Slow 1200mV 85C Model Setup 'CLOCK_50'
Slack : 15.530
TNS   : 0.000

Type  : Slow 1200mV 85C Model Setup 'VGA_CLK'
Slack : 33.443
TNS   : 0.000

Type  : Slow 1200mV 85C Model Setup 'DE2_115_qsys_inst|altpll|sd1|pll7|clk[2]'
Slack : 39.922
TNS   : 0.000

Type  : Slow 1200mV 85C Model Setup 'altera_reserved_tck'
Slack : 45.202
TNS   : 0.000

Type  : Slow 1200mV 85C Model Hold 'DE2_115_qsys_inst|altpll|sd1|pll7|clk[0]'
Slack : 0.333
TNS   : 0.000

Type  : Slow 1200mV 85C Model Hold 'CLOCK_50'
Slack : 0.401
TNS   : 0.000

Type  : Slow 1200mV 85C Model Hold 'DE2_115_qsys_inst|altpll|sd1|pll7|clk[2]'
Slack : 0.403
TNS   : 0.000

Type  : Slow 1200mV 85C Model Hold 'altera_reserved_tck'
Slack : 0.403
TNS   : 0.000

Type  : Slow 1200mV 85C Model Hold 'DE2_115_qsys_inst|altpll|sd1|pll7|clk[3]'
Slack : 0.430
TNS   : 0.000

Type  : Slow 1200mV 85C Model Hold 'VGA_CLK'
Slack : 5.067
TNS   : 0.000

Type  : Slow 1200mV 85C Model Recovery 'DE2_115_qsys_inst|altpll|sd1|pll7|clk[0]'
Slack : 0.182
TNS   : 0.000

Type  : Slow 1200mV 85C Model Recovery 'CLOCK_50'
Slack : 6.347
TNS   : 0.000

Type  : Slow 1200mV 85C Model Recovery 'DE2_115_qsys_inst|altpll|sd1|pll7|clk[2]'
Slack : 6.383
TNS   : 0.000

Type  : Slow 1200mV 85C Model Recovery 'DE2_115_qsys_inst|altpll|sd1|pll7|clk[3]'
Slack : 14.604
TNS   : 0.000

Type  : Slow 1200mV 85C Model Recovery 'altera_reserved_tck'
Slack : 47.552
TNS   : 0.000

Type  : Slow 1200mV 85C Model Removal 'DE2_115_qsys_inst|altpll|sd1|pll7|clk[0]'
Slack : 0.641
TNS   : 0.000

Type  : Slow 1200mV 85C Model Removal 'CLOCK_50'
Slack : 1.029
TNS   : 0.000

Type  : Slow 1200mV 85C Model Removal 'altera_reserved_tck'
Slack : 1.032
TNS   : 0.000

Type  : Slow 1200mV 85C Model Removal 'DE2_115_qsys_inst|altpll|sd1|pll7|clk[2]'
Slack : 1.051
TNS   : 0.000

Type  : Slow 1200mV 85C Model Removal 'DE2_115_qsys_inst|altpll|sd1|pll7|clk[3]'
Slack : 4.515
TNS   : 0.000

Type  : Slow 1200mV 85C Model Minimum Pulse Width 'DE2_115_qsys_inst|altpll|sd1|pll7|clk[0]'
Slack : 4.615
TNS   : 0.000

Type  : Slow 1200mV 85C Model Minimum Pulse Width 'CLOCK_50'
Slack : 9.683
TNS   : 0.000

Type  : Slow 1200mV 85C Model Minimum Pulse Width 'CLOCK2_50'
Slack : 16.000
TNS   : 0.000

Type  : Slow 1200mV 85C Model Minimum Pulse Width 'CLOCK3_50'
Slack : 16.000
TNS   : 0.000

Type  : Slow 1200mV 85C Model Minimum Pulse Width 'DE2_115_qsys_inst|altpll|sd1|pll7|clk[3]'
Slack : 19.716
TNS   : 0.000

Type  : Slow 1200mV 85C Model Minimum Pulse Width 'VGA_CLK'
Slack : 35.790
TNS   : 0.000

Type  : Slow 1200mV 85C Model Minimum Pulse Width 'DE2_115_qsys_inst|altpll|sd1|pll7|clk[2]'
Slack : 49.693
TNS   : 0.000

Type  : Slow 1200mV 85C Model Minimum Pulse Width 'altera_reserved_tck'
Slack : 49.720
TNS   : 0.000

Type  : Slow 1200mV 0C Model Setup 'DE2_115_qsys_inst|altpll|sd1|pll7|clk[0]'
Slack : 0.436
TNS   : 0.000

Type  : Slow 1200mV 0C Model Setup 'DE2_115_qsys_inst|altpll|sd1|pll7|clk[3]'
Slack : 15.290
TNS   : 0.000

Type  : Slow 1200mV 0C Model Setup 'CLOCK_50'
Slack : 15.852
TNS   : 0.000

Type  : Slow 1200mV 0C Model Setup 'VGA_CLK'
Slack : 34.139
TNS   : 0.000

Type  : Slow 1200mV 0C Model Setup 'DE2_115_qsys_inst|altpll|sd1|pll7|clk[2]'
Slack : 40.660
TNS   : 0.000

Type  : Slow 1200mV 0C Model Setup 'altera_reserved_tck'
Slack : 45.701
TNS   : 0.000

Type  : Slow 1200mV 0C Model Hold 'DE2_115_qsys_inst|altpll|sd1|pll7|clk[0]'
Slack : 0.334
TNS   : 0.000

Type  : Slow 1200mV 0C Model Hold 'CLOCK_50'
Slack : 0.353
TNS   : 0.000

Type  : Slow 1200mV 0C Model Hold 'altera_reserved_tck'
Slack : 0.353
TNS   : 0.000

Type  : Slow 1200mV 0C Model Hold 'DE2_115_qsys_inst|altpll|sd1|pll7|clk[2]'
Slack : 0.354
TNS   : 0.000

Type  : Slow 1200mV 0C Model Hold 'DE2_115_qsys_inst|altpll|sd1|pll7|clk[3]'
Slack : 0.395
TNS   : 0.000

Type  : Slow 1200mV 0C Model Hold 'VGA_CLK'
Slack : 4.256
TNS   : 0.000

Type  : Slow 1200mV 0C Model Recovery 'DE2_115_qsys_inst|altpll|sd1|pll7|clk[0]'
Slack : 0.656
TNS   : 0.000

Type  : Slow 1200mV 0C Model Recovery 'CLOCK_50'
Slack : 6.494
TNS   : 0.000

Type  : Slow 1200mV 0C Model Recovery 'DE2_115_qsys_inst|altpll|sd1|pll7|clk[2]'
Slack : 6.655
TNS   : 0.000

Type  : Slow 1200mV 0C Model Recovery 'DE2_115_qsys_inst|altpll|sd1|pll7|clk[3]'
Slack : 15.126
TNS   : 0.000

Type  : Slow 1200mV 0C Model Recovery 'altera_reserved_tck'
Slack : 47.884
TNS   : 0.000

Type  : Slow 1200mV 0C Model Removal 'DE2_115_qsys_inst|altpll|sd1|pll7|clk[0]'
Slack : 0.577
TNS   : 0.000

Type  : Slow 1200mV 0C Model Removal 'CLOCK_50'
Slack : 0.925
TNS   : 0.000

Type  : Slow 1200mV 0C Model Removal 'altera_reserved_tck'
Slack : 0.931
TNS   : 0.000

Type  : Slow 1200mV 0C Model Removal 'DE2_115_qsys_inst|altpll|sd1|pll7|clk[2]'
Slack : 0.957
TNS   : 0.000

Type  : Slow 1200mV 0C Model Removal 'DE2_115_qsys_inst|altpll|sd1|pll7|clk[3]'
Slack : 4.056
TNS   : 0.000

Type  : Slow 1200mV 0C Model Minimum Pulse Width 'DE2_115_qsys_inst|altpll|sd1|pll7|clk[0]'
Slack : 4.648
TNS   : 0.000

Type  : Slow 1200mV 0C Model Minimum Pulse Width 'CLOCK_50'
Slack : 9.690
TNS   : 0.000

Type  : Slow 1200mV 0C Model Minimum Pulse Width 'CLOCK2_50'
Slack : 16.000
TNS   : 0.000

Type  : Slow 1200mV 0C Model Minimum Pulse Width 'CLOCK3_50'
Slack : 16.000
TNS   : 0.000

Type  : Slow 1200mV 0C Model Minimum Pulse Width 'DE2_115_qsys_inst|altpll|sd1|pll7|clk[3]'
Slack : 19.713
TNS   : 0.000

Type  : Slow 1200mV 0C Model Minimum Pulse Width 'VGA_CLK'
Slack : 35.790
TNS   : 0.000

Type  : Slow 1200mV 0C Model Minimum Pulse Width 'altera_reserved_tck'
Slack : 49.626
TNS   : 0.000

Type  : Slow 1200mV 0C Model Minimum Pulse Width 'DE2_115_qsys_inst|altpll|sd1|pll7|clk[2]'
Slack : 49.689
TNS   : 0.000

Type  : Fast 1200mV 0C Model Setup 'DE2_115_qsys_inst|altpll|sd1|pll7|clk[0]'
Slack : 2.679
TNS   : 0.000

Type  : Fast 1200mV 0C Model Setup 'DE2_115_qsys_inst|altpll|sd1|pll7|clk[3]'
Slack : 17.380
TNS   : 0.000

Type  : Fast 1200mV 0C Model Setup 'CLOCK_50'
Slack : 17.739
TNS   : 0.000

Type  : Fast 1200mV 0C Model Setup 'VGA_CLK'
Slack : 37.730
TNS   : 0.000

Type  : Fast 1200mV 0C Model Setup 'DE2_115_qsys_inst|altpll|sd1|pll7|clk[2]'
Slack : 44.900
TNS   : 0.000

Type  : Fast 1200mV 0C Model Setup 'altera_reserved_tck'
Slack : 48.001
TNS   : 0.000

Type  : Fast 1200mV 0C Model Hold 'DE2_115_qsys_inst|altpll|sd1|pll7|clk[0]'
Slack : 0.130
TNS   : 0.000

Type  : Fast 1200mV 0C Model Hold 'CLOCK_50'
Slack : 0.180
TNS   : 0.000

Type  : Fast 1200mV 0C Model Hold 'altera_reserved_tck'
Slack : 0.180
TNS   : 0.000

Type  : Fast 1200mV 0C Model Hold 'DE2_115_qsys_inst|altpll|sd1|pll7|clk[2]'
Slack : 0.182
TNS   : 0.000

Type  : Fast 1200mV 0C Model Hold 'DE2_115_qsys_inst|altpll|sd1|pll7|clk[3]'
Slack : 0.189
TNS   : 0.000

Type  : Fast 1200mV 0C Model Hold 'VGA_CLK'
Slack : 0.864
TNS   : 0.000

Type  : Fast 1200mV 0C Model Recovery 'DE2_115_qsys_inst|altpll|sd1|pll7|clk[0]'
Slack : 2.419
TNS   : 0.000

Type  : Fast 1200mV 0C Model Recovery 'CLOCK_50'
Slack : 7.975
TNS   : 0.000

Type  : Fast 1200mV 0C Model Recovery 'DE2_115_qsys_inst|altpll|sd1|pll7|clk[2]'
Slack : 8.077
TNS   : 0.000

Type  : Fast 1200mV 0C Model Recovery 'DE2_115_qsys_inst|altpll|sd1|pll7|clk[3]'
Slack : 17.090
TNS   : 0.000

Type  : Fast 1200mV 0C Model Recovery 'altera_reserved_tck'
Slack : 49.026
TNS   : 0.000

Type  : Fast 1200mV 0C Model Removal 'DE2_115_qsys_inst|altpll|sd1|pll7|clk[0]'
Slack : 0.304
TNS   : 0.000

Type  : Fast 1200mV 0C Model Removal 'CLOCK_50'
Slack : 0.478
TNS   : 0.000

Type  : Fast 1200mV 0C Model Removal 'DE2_115_qsys_inst|altpll|sd1|pll7|clk[2]'
Slack : 0.500
TNS   : 0.000

Type  : Fast 1200mV 0C Model Removal 'altera_reserved_tck'
Slack : 0.507
TNS   : 0.000

Type  : Fast 1200mV 0C Model Removal 'DE2_115_qsys_inst|altpll|sd1|pll7|clk[3]'
Slack : 2.274
TNS   : 0.000

Type  : Fast 1200mV 0C Model Minimum Pulse Width 'DE2_115_qsys_inst|altpll|sd1|pll7|clk[0]'
Slack : 4.745
TNS   : 0.000

Type  : Fast 1200mV 0C Model Minimum Pulse Width 'CLOCK_50'
Slack : 9.245
TNS   : 0.000

Type  : Fast 1200mV 0C Model Minimum Pulse Width 'CLOCK2_50'
Slack : 16.000
TNS   : 0.000

Type  : Fast 1200mV 0C Model Minimum Pulse Width 'CLOCK3_50'
Slack : 16.000
TNS   : 0.000

Type  : Fast 1200mV 0C Model Minimum Pulse Width 'DE2_115_qsys_inst|altpll|sd1|pll7|clk[3]'
Slack : 19.784
TNS   : 0.000

Type  : Fast 1200mV 0C Model Minimum Pulse Width 'VGA_CLK'
Slack : 36.000
TNS   : 0.000

Type  : Fast 1200mV 0C Model Minimum Pulse Width 'altera_reserved_tck'
Slack : 49.433
TNS   : 0.000

Type  : Fast 1200mV 0C Model Minimum Pulse Width 'DE2_115_qsys_inst|altpll|sd1|pll7|clk[2]'
Slack : 49.752
TNS   : 0.000

------------------------------------------------------------
