------------------------------------------------------------
TimeQuest Timing Analyzer Summary
------------------------------------------------------------

Type  : Slow 1200mV 85C Model Setup 'DE2_115_qsys_inst|altpll|sd1|pll7|clk[0]'
Slack : 0.201
TNS   : 0.000

Type  : Slow 1200mV 85C Model Setup 'CLOCK_50'
Slack : 16.336
TNS   : 0.000

Type  : Slow 1200mV 85C Model Setup 'altera_reserved_tck'
Slack : 46.676
TNS   : 0.000

Type  : Slow 1200mV 85C Model Setup 'DE2_115_qsys_inst|altpll|sd1|pll7|clk[2]'
Slack : 90.182
TNS   : 0.000

Type  : Slow 1200mV 85C Model Hold 'DE2_115_qsys_inst|altpll|sd1|pll7|clk[0]'
Slack : 0.327
TNS   : 0.000

Type  : Slow 1200mV 85C Model Hold 'DE2_115_qsys_inst|altpll|sd1|pll7|clk[2]'
Slack : 0.386
TNS   : 0.000

Type  : Slow 1200mV 85C Model Hold 'CLOCK_50'
Slack : 0.402
TNS   : 0.000

Type  : Slow 1200mV 85C Model Hold 'altera_reserved_tck'
Slack : 0.403
TNS   : 0.000

Type  : Slow 1200mV 85C Model Recovery 'DE2_115_qsys_inst|altpll|sd1|pll7|clk[0]'
Slack : 0.189
TNS   : 0.000

Type  : Slow 1200mV 85C Model Recovery 'DE2_115_qsys_inst|altpll|sd1|pll7|clk[2]'
Slack : 2.766
TNS   : 0.000

Type  : Slow 1200mV 85C Model Recovery 'CLOCK_50'
Slack : 5.580
TNS   : 0.000

Type  : Slow 1200mV 85C Model Recovery 'altera_reserved_tck'
Slack : 48.190
TNS   : 0.000

Type  : Slow 1200mV 85C Model Removal 'CLOCK_50'
Slack : 0.785
TNS   : 0.000

Type  : Slow 1200mV 85C Model Removal 'DE2_115_qsys_inst|altpll|sd1|pll7|clk[0]'
Slack : 0.997
TNS   : 0.000

Type  : Slow 1200mV 85C Model Removal 'altera_reserved_tck'
Slack : 1.148
TNS   : 0.000

Type  : Slow 1200mV 85C Model Removal 'DE2_115_qsys_inst|altpll|sd1|pll7|clk[2]'
Slack : 3.533
TNS   : 0.000

Type  : Slow 1200mV 85C Model Minimum Pulse Width 'DE2_115_qsys_inst|altpll|sd1|pll7|clk[0]'
Slack : 4.626
TNS   : 0.000

Type  : Slow 1200mV 85C Model Minimum Pulse Width 'CLOCK_50'
Slack : 9.676
TNS   : 0.000

Type  : Slow 1200mV 85C Model Minimum Pulse Width 'CLOCK2_50'
Slack : 16.000
TNS   : 0.000

Type  : Slow 1200mV 85C Model Minimum Pulse Width 'CLOCK3_50'
Slack : 16.000
TNS   : 0.000

Type  : Slow 1200mV 85C Model Minimum Pulse Width 'DE2_115_qsys_inst|altpll|sd1|pll7|clk[2]'
Slack : 49.696
TNS   : 0.000

Type  : Slow 1200mV 85C Model Minimum Pulse Width 'altera_reserved_tck'
Slack : 49.707
TNS   : 0.000

Type  : Slow 1200mV 0C Model Setup 'DE2_115_qsys_inst|altpll|sd1|pll7|clk[0]'
Slack : 0.585
TNS   : 0.000

Type  : Slow 1200mV 0C Model Setup 'CLOCK_50'
Slack : 16.633
TNS   : 0.000

Type  : Slow 1200mV 0C Model Setup 'altera_reserved_tck'
Slack : 47.128
TNS   : 0.000

Type  : Slow 1200mV 0C Model Setup 'DE2_115_qsys_inst|altpll|sd1|pll7|clk[2]'
Slack : 91.103
TNS   : 0.000

Type  : Slow 1200mV 0C Model Hold 'DE2_115_qsys_inst|altpll|sd1|pll7|clk[0]'
Slack : 0.332
TNS   : 0.000

Type  : Slow 1200mV 0C Model Hold 'DE2_115_qsys_inst|altpll|sd1|pll7|clk[2]'
Slack : 0.337
TNS   : 0.000

Type  : Slow 1200mV 0C Model Hold 'altera_reserved_tck'
Slack : 0.353
TNS   : 0.000

Type  : Slow 1200mV 0C Model Hold 'CLOCK_50'
Slack : 0.354
TNS   : 0.000

Type  : Slow 1200mV 0C Model Recovery 'DE2_115_qsys_inst|altpll|sd1|pll7|clk[0]'
Slack : 0.652
TNS   : 0.000

Type  : Slow 1200mV 0C Model Recovery 'DE2_115_qsys_inst|altpll|sd1|pll7|clk[2]'
Slack : 3.459
TNS   : 0.000

Type  : Slow 1200mV 0C Model Recovery 'CLOCK_50'
Slack : 5.904
TNS   : 0.000

Type  : Slow 1200mV 0C Model Recovery 'altera_reserved_tck'
Slack : 48.515
TNS   : 0.000

Type  : Slow 1200mV 0C Model Removal 'CLOCK_50'
Slack : 0.723
TNS   : 0.000

Type  : Slow 1200mV 0C Model Removal 'DE2_115_qsys_inst|altpll|sd1|pll7|clk[0]'
Slack : 0.904
TNS   : 0.000

Type  : Slow 1200mV 0C Model Removal 'altera_reserved_tck'
Slack : 1.048
TNS   : 0.000

Type  : Slow 1200mV 0C Model Removal 'DE2_115_qsys_inst|altpll|sd1|pll7|clk[2]'
Slack : 3.157
TNS   : 0.000

Type  : Slow 1200mV 0C Model Minimum Pulse Width 'DE2_115_qsys_inst|altpll|sd1|pll7|clk[0]'
Slack : 4.651
TNS   : 0.000

Type  : Slow 1200mV 0C Model Minimum Pulse Width 'CLOCK_50'
Slack : 9.689
TNS   : 0.000

Type  : Slow 1200mV 0C Model Minimum Pulse Width 'CLOCK2_50'
Slack : 16.000
TNS   : 0.000

Type  : Slow 1200mV 0C Model Minimum Pulse Width 'CLOCK3_50'
Slack : 16.000
TNS   : 0.000

Type  : Slow 1200mV 0C Model Minimum Pulse Width 'altera_reserved_tck'
Slack : 49.585
TNS   : 0.000

Type  : Slow 1200mV 0C Model Minimum Pulse Width 'DE2_115_qsys_inst|altpll|sd1|pll7|clk[2]'
Slack : 49.688
TNS   : 0.000

Type  : Fast 1200mV 0C Model Setup 'DE2_115_qsys_inst|altpll|sd1|pll7|clk[0]'
Slack : 2.652
TNS   : 0.000

Type  : Fast 1200mV 0C Model Setup 'CLOCK_50'
Slack : 18.211
TNS   : 0.000

Type  : Fast 1200mV 0C Model Setup 'altera_reserved_tck'
Slack : 48.725
TNS   : 0.000

Type  : Fast 1200mV 0C Model Setup 'DE2_115_qsys_inst|altpll|sd1|pll7|clk[2]'
Slack : 95.143
TNS   : 0.000

Type  : Fast 1200mV 0C Model Hold 'DE2_115_qsys_inst|altpll|sd1|pll7|clk[0]'
Slack : 0.128
TNS   : 0.000

Type  : Fast 1200mV 0C Model Hold 'DE2_115_qsys_inst|altpll|sd1|pll7|clk[2]'
Slack : 0.173
TNS   : 0.000

Type  : Fast 1200mV 0C Model Hold 'altera_reserved_tck'
Slack : 0.179
TNS   : 0.000

Type  : Fast 1200mV 0C Model Hold 'CLOCK_50'
Slack : 0.182
TNS   : 0.000

Type  : Fast 1200mV 0C Model Recovery 'DE2_115_qsys_inst|altpll|sd1|pll7|clk[0]'
Slack : 2.434
TNS   : 0.000

Type  : Fast 1200mV 0C Model Recovery 'DE2_115_qsys_inst|altpll|sd1|pll7|clk[2]'
Slack : 5.961
TNS   : 0.000

Type  : Fast 1200mV 0C Model Recovery 'CLOCK_50'
Slack : 7.481
TNS   : 0.000

Type  : Fast 1200mV 0C Model Recovery 'altera_reserved_tck'
Slack : 49.386
TNS   : 0.000

Type  : Fast 1200mV 0C Model Removal 'CLOCK_50'
Slack : 0.366
TNS   : 0.000

Type  : Fast 1200mV 0C Model Removal 'DE2_115_qsys_inst|altpll|sd1|pll7|clk[0]'
Slack : 0.474
TNS   : 0.000

Type  : Fast 1200mV 0C Model Removal 'altera_reserved_tck'
Slack : 0.549
TNS   : 0.000

Type  : Fast 1200mV 0C Model Removal 'DE2_115_qsys_inst|altpll|sd1|pll7|clk[2]'
Slack : 1.832
TNS   : 0.000

Type  : Fast 1200mV 0C Model Minimum Pulse Width 'DE2_115_qsys_inst|altpll|sd1|pll7|clk[0]'
Slack : 4.746
TNS   : 0.000

Type  : Fast 1200mV 0C Model Minimum Pulse Width 'CLOCK_50'
Slack : 9.239
TNS   : 0.000

Type  : Fast 1200mV 0C Model Minimum Pulse Width 'CLOCK2_50'
Slack : 16.000
TNS   : 0.000

Type  : Fast 1200mV 0C Model Minimum Pulse Width 'CLOCK3_50'
Slack : 16.000
TNS   : 0.000

Type  : Fast 1200mV 0C Model Minimum Pulse Width 'altera_reserved_tck'
Slack : 49.434
TNS   : 0.000

Type  : Fast 1200mV 0C Model Minimum Pulse Width 'DE2_115_qsys_inst|altpll|sd1|pll7|clk[2]'
Slack : 49.750
TNS   : 0.000

------------------------------------------------------------
