------------------------------------------------------------
TimeQuest Timing Analyzer Summary
------------------------------------------------------------

Type  : Slow 1200mV 85C Model Setup 'p1|altpll_component|auto_generated|pll1|clk[0]'
Slack : 8.069
TNS   : 0.000

Type  : Slow 1200mV 85C Model Setup 'CLOCK_50'
Slack : 14.523
TNS   : 0.000

Type  : Slow 1200mV 85C Model Setup 'p1|altpll_component|auto_generated|pll1|clk[1]'
Slack : 51.860
TNS   : 0.000

Type  : Slow 1200mV 85C Model Hold 'CLOCK_50'
Slack : 0.402
TNS   : 0.000

Type  : Slow 1200mV 85C Model Hold 'p1|altpll_component|auto_generated|pll1|clk[1]'
Slack : 0.402
TNS   : 0.000

Type  : Slow 1200mV 85C Model Hold 'p1|altpll_component|auto_generated|pll1|clk[0]'
Slack : 0.438
TNS   : 0.000

Type  : Slow 1200mV 85C Model Recovery 'p1|altpll_component|auto_generated|pll1|clk[1]'
Slack : -0.621
TNS   : -8.694

Type  : Slow 1200mV 85C Model Recovery 'CLOCK_50'
Slack : 13.904
TNS   : 0.000

Type  : Slow 1200mV 85C Model Recovery 'p1|altpll_component|auto_generated|pll1|clk[0]'
Slack : 13.971
TNS   : 0.000

Type  : Slow 1200mV 85C Model Removal 'p1|altpll_component|auto_generated|pll1|clk[1]'
Slack : 1.767
TNS   : 0.000

Type  : Slow 1200mV 85C Model Removal 'p1|altpll_component|auto_generated|pll1|clk[0]'
Slack : 2.518
TNS   : 0.000

Type  : Slow 1200mV 85C Model Removal 'CLOCK_50'
Slack : 5.336
TNS   : 0.000

Type  : Slow 1200mV 85C Model Minimum Pulse Width 'CLOCK_50'
Slack : 9.645
TNS   : 0.000

Type  : Slow 1200mV 85C Model Minimum Pulse Width 'CLOCK2_50'
Slack : 9.818
TNS   : 0.000

Type  : Slow 1200mV 85C Model Minimum Pulse Width 'CLOCK3_50'
Slack : 16.000
TNS   : 0.000

Type  : Slow 1200mV 85C Model Minimum Pulse Width 'p1|altpll_component|auto_generated|pll1|clk[0]'
Slack : 19.707
TNS   : 0.000

Type  : Slow 1200mV 85C Model Minimum Pulse Width 'p1|altpll_component|auto_generated|pll1|clk[1]'
Slack : 27.479
TNS   : 0.000

Type  : Slow 1200mV 0C Model Setup 'p1|altpll_component|auto_generated|pll1|clk[0]'
Slack : 9.023
TNS   : 0.000

Type  : Slow 1200mV 0C Model Setup 'CLOCK_50'
Slack : 15.032
TNS   : 0.000

Type  : Slow 1200mV 0C Model Setup 'p1|altpll_component|auto_generated|pll1|clk[1]'
Slack : 52.183
TNS   : 0.000

Type  : Slow 1200mV 0C Model Hold 'p1|altpll_component|auto_generated|pll1|clk[1]'
Slack : 0.353
TNS   : 0.000

Type  : Slow 1200mV 0C Model Hold 'CLOCK_50'
Slack : 0.354
TNS   : 0.000

Type  : Slow 1200mV 0C Model Hold 'p1|altpll_component|auto_generated|pll1|clk[0]'
Slack : 0.404
TNS   : 0.000

Type  : Slow 1200mV 0C Model Recovery 'p1|altpll_component|auto_generated|pll1|clk[1]'
Slack : -0.312
TNS   : -4.368

Type  : Slow 1200mV 0C Model Recovery 'CLOCK_50'
Slack : 14.314
TNS   : 0.000

Type  : Slow 1200mV 0C Model Recovery 'p1|altpll_component|auto_generated|pll1|clk[0]'
Slack : 14.446
TNS   : 0.000

Type  : Slow 1200mV 0C Model Removal 'p1|altpll_component|auto_generated|pll1|clk[1]'
Slack : 1.573
TNS   : 0.000

Type  : Slow 1200mV 0C Model Removal 'p1|altpll_component|auto_generated|pll1|clk[0]'
Slack : 2.238
TNS   : 0.000

Type  : Slow 1200mV 0C Model Removal 'CLOCK_50'
Slack : 4.795
TNS   : 0.000

Type  : Slow 1200mV 0C Model Minimum Pulse Width 'CLOCK_50'
Slack : 9.636
TNS   : 0.000

Type  : Slow 1200mV 0C Model Minimum Pulse Width 'CLOCK2_50'
Slack : 9.828
TNS   : 0.000

Type  : Slow 1200mV 0C Model Minimum Pulse Width 'CLOCK3_50'
Slack : 16.000
TNS   : 0.000

Type  : Slow 1200mV 0C Model Minimum Pulse Width 'p1|altpll_component|auto_generated|pll1|clk[0]'
Slack : 19.705
TNS   : 0.000

Type  : Slow 1200mV 0C Model Minimum Pulse Width 'p1|altpll_component|auto_generated|pll1|clk[1]'
Slack : 27.481
TNS   : 0.000

Type  : Fast 1200mV 0C Model Setup 'p1|altpll_component|auto_generated|pll1|clk[0]'
Slack : 13.930
TNS   : 0.000

Type  : Fast 1200mV 0C Model Setup 'CLOCK_50'
Slack : 17.206
TNS   : 0.000

Type  : Fast 1200mV 0C Model Setup 'p1|altpll_component|auto_generated|pll1|clk[1]'
Slack : 53.808
TNS   : 0.000

Type  : Fast 1200mV 0C Model Hold 'p1|altpll_component|auto_generated|pll1|clk[1]'
Slack : 0.179
TNS   : 0.000

Type  : Fast 1200mV 0C Model Hold 'CLOCK_50'
Slack : 0.181
TNS   : 0.000

Type  : Fast 1200mV 0C Model Hold 'p1|altpll_component|auto_generated|pll1|clk[0]'
Slack : 0.191
TNS   : 0.000

Type  : Fast 1200mV 0C Model Recovery 'p1|altpll_component|auto_generated|pll1|clk[1]'
Slack : 0.661
TNS   : 0.000

Type  : Fast 1200mV 0C Model Recovery 'CLOCK_50'
Slack : 16.623
TNS   : 0.000

Type  : Fast 1200mV 0C Model Recovery 'p1|altpll_component|auto_generated|pll1|clk[0]'
Slack : 16.646
TNS   : 0.000

Type  : Fast 1200mV 0C Model Removal 'p1|altpll_component|auto_generated|pll1|clk[1]'
Slack : 0.886
TNS   : 0.000

Type  : Fast 1200mV 0C Model Removal 'p1|altpll_component|auto_generated|pll1|clk[0]'
Slack : 1.202
TNS   : 0.000

Type  : Fast 1200mV 0C Model Removal 'CLOCK_50'
Slack : 2.626
TNS   : 0.000

Type  : Fast 1200mV 0C Model Minimum Pulse Width 'CLOCK_50'
Slack : 9.264
TNS   : 0.000

Type  : Fast 1200mV 0C Model Minimum Pulse Width 'CLOCK2_50'
Slack : 9.432
TNS   : 0.000

Type  : Fast 1200mV 0C Model Minimum Pulse Width 'CLOCK3_50'
Slack : 16.000
TNS   : 0.000

Type  : Fast 1200mV 0C Model Minimum Pulse Width 'p1|altpll_component|auto_generated|pll1|clk[0]'
Slack : 19.760
TNS   : 0.000

Type  : Fast 1200mV 0C Model Minimum Pulse Width 'p1|altpll_component|auto_generated|pll1|clk[1]'
Slack : 27.551
TNS   : 0.000

------------------------------------------------------------
