------------------------------------------------------------
TimeQuest Timing Analyzer Summary
------------------------------------------------------------

Type  : Slow 1200mV 85C Model Setup 'CLOCK_50'
Slack : 15.670
TNS   : 0.000

Type  : Slow 1200mV 85C Model Setup 'CLOCK2_50'
Slack : 17.080
TNS   : 0.000

Type  : Slow 1200mV 85C Model Setup 'altera_reserved_tck'
Slack : 43.594
TNS   : 0.000

Type  : Slow 1200mV 85C Model Setup 'u1|altpll_component|auto_generated|pll1|clk[1]'
Slack : 52.602
TNS   : 0.000

Type  : Slow 1200mV 85C Model Hold 'CLOCK_50'
Slack : 0.401
TNS   : 0.000

Type  : Slow 1200mV 85C Model Hold 'altera_reserved_tck'
Slack : 0.403
TNS   : 0.000

Type  : Slow 1200mV 85C Model Hold 'u1|altpll_component|auto_generated|pll1|clk[1]'
Slack : 0.404
TNS   : 0.000

Type  : Slow 1200mV 85C Model Hold 'CLOCK2_50'
Slack : 0.407
TNS   : 0.000

Type  : Slow 1200mV 85C Model Recovery 'altera_reserved_tck'
Slack : 48.733
TNS   : 0.000

Type  : Slow 1200mV 85C Model Removal 'altera_reserved_tck'
Slack : 1.001
TNS   : 0.000

Type  : Slow 1200mV 85C Model Minimum Pulse Width 'CLOCK2_50'
Slack : 9.622
TNS   : 0.000

Type  : Slow 1200mV 85C Model Minimum Pulse Width 'CLOCK_50'
Slack : 9.645
TNS   : 0.000

Type  : Slow 1200mV 85C Model Minimum Pulse Width 'CLOCK3_50'
Slack : 16.000
TNS   : 0.000

Type  : Slow 1200mV 85C Model Minimum Pulse Width 'TD_CLK27'
Slack : 18.335
TNS   : 0.000

Type  : Slow 1200mV 85C Model Minimum Pulse Width 'u1|altpll_component|auto_generated|pll1|clk[1]'
Slack : 27.479
TNS   : 0.000

Type  : Slow 1200mV 85C Model Minimum Pulse Width 'altera_reserved_tck'
Slack : 49.492
TNS   : 0.000

Type  : Slow 1200mV 0C Model Setup 'CLOCK_50'
Slack : 16.053
TNS   : 0.000

Type  : Slow 1200mV 0C Model Setup 'CLOCK2_50'
Slack : 17.394
TNS   : 0.000

Type  : Slow 1200mV 0C Model Setup 'altera_reserved_tck'
Slack : 44.247
TNS   : 0.000

Type  : Slow 1200mV 0C Model Setup 'u1|altpll_component|auto_generated|pll1|clk[1]'
Slack : 52.859
TNS   : 0.000

Type  : Slow 1200mV 0C Model Hold 'CLOCK_50'
Slack : 0.352
TNS   : 0.000

Type  : Slow 1200mV 0C Model Hold 'u1|altpll_component|auto_generated|pll1|clk[1]'
Slack : 0.353
TNS   : 0.000

Type  : Slow 1200mV 0C Model Hold 'altera_reserved_tck'
Slack : 0.354
TNS   : 0.000

Type  : Slow 1200mV 0C Model Hold 'CLOCK2_50'
Slack : 0.364
TNS   : 0.000

Type  : Slow 1200mV 0C Model Recovery 'altera_reserved_tck'
Slack : 48.953
TNS   : 0.000

Type  : Slow 1200mV 0C Model Removal 'altera_reserved_tck'
Slack : 0.906
TNS   : 0.000

Type  : Slow 1200mV 0C Model Minimum Pulse Width 'CLOCK2_50'
Slack : 9.610
TNS   : 0.000

Type  : Slow 1200mV 0C Model Minimum Pulse Width 'CLOCK_50'
Slack : 9.627
TNS   : 0.000

Type  : Slow 1200mV 0C Model Minimum Pulse Width 'CLOCK3_50'
Slack : 16.000
TNS   : 0.000

Type  : Slow 1200mV 0C Model Minimum Pulse Width 'TD_CLK27'
Slack : 18.321
TNS   : 0.000

Type  : Slow 1200mV 0C Model Minimum Pulse Width 'u1|altpll_component|auto_generated|pll1|clk[1]'
Slack : 27.481
TNS   : 0.000

Type  : Slow 1200mV 0C Model Minimum Pulse Width 'altera_reserved_tck'
Slack : 49.402
TNS   : 0.000

Type  : Fast 1200mV 0C Model Setup 'CLOCK_50'
Slack : 17.807
TNS   : 0.000

Type  : Fast 1200mV 0C Model Setup 'CLOCK2_50'
Slack : 18.495
TNS   : 0.000

Type  : Fast 1200mV 0C Model Setup 'altera_reserved_tck'
Slack : 47.092
TNS   : 0.000

Type  : Fast 1200mV 0C Model Setup 'u1|altpll_component|auto_generated|pll1|clk[1]'
Slack : 54.169
TNS   : 0.000

Type  : Fast 1200mV 0C Model Hold 'altera_reserved_tck'
Slack : 0.179
TNS   : 0.000

Type  : Fast 1200mV 0C Model Hold 'CLOCK_50'
Slack : 0.180
TNS   : 0.000

Type  : Fast 1200mV 0C Model Hold 'u1|altpll_component|auto_generated|pll1|clk[1]'
Slack : 0.181
TNS   : 0.000

Type  : Fast 1200mV 0C Model Hold 'CLOCK2_50'
Slack : 0.188
TNS   : 0.000

Type  : Fast 1200mV 0C Model Recovery 'altera_reserved_tck'
Slack : 49.728
TNS   : 0.000

Type  : Fast 1200mV 0C Model Removal 'altera_reserved_tck'
Slack : 0.487
TNS   : 0.000

Type  : Fast 1200mV 0C Model Minimum Pulse Width 'CLOCK_50'
Slack : 9.263
TNS   : 0.000

Type  : Fast 1200mV 0C Model Minimum Pulse Width 'CLOCK2_50'
Slack : 9.271
TNS   : 0.000

Type  : Fast 1200mV 0C Model Minimum Pulse Width 'CLOCK3_50'
Slack : 16.000
TNS   : 0.000

Type  : Fast 1200mV 0C Model Minimum Pulse Width 'TD_CLK27'
Slack : 17.922
TNS   : 0.000

Type  : Fast 1200mV 0C Model Minimum Pulse Width 'u1|altpll_component|auto_generated|pll1|clk[1]'
Slack : 27.549
TNS   : 0.000

Type  : Fast 1200mV 0C Model Minimum Pulse Width 'altera_reserved_tck'
Slack : 49.288
TNS   : 0.000

------------------------------------------------------------
